============================= test session starts ==============================
platform darwin -- Python 3.11.6, pytest-7.4.4, pluggy-1.6.0 -- /Users/yurisa2/petrosa/petrosa-tradeengine/venv/bin/python3.11
cachedir: .pytest_cache
metadata: {'Python': '3.11.6', 'Platform': 'macOS-15.3.1-arm64-arm-64bit', 'Packages': {'pytest': '7.4.4', 'pluggy': '1.6.0'}, 'Plugins': {'anyio': '4.12.1', 'asyncio': '0.23.5', 'html': '4.1.1', 'timeout': '2.1.0', 'metadata': '3.1.1', 'cov': '4.1.0', 'mock': '3.12.0', 'xdist': '3.5.0'}}
rootdir: /Users/yurisa2/petrosa/petrosa-tradeengine
configfile: pyproject.toml
plugins: anyio-4.12.1, asyncio-0.23.5, html-4.1.1, timeout-2.1.0, metadata-3.1.1, cov-4.1.0, mock-3.12.0, xdist-3.5.0
asyncio: mode=Mode.STRICT
timeout: 300.0s
timeout method: signal
timeout func_only: False
collecting ... collected 1 item

tests/test_binance_exchange_comprehensive.py::TestOrderExecution::test_execute_stop_order PASSED [100%]/Users/yurisa2/petrosa/petrosa-tradeengine/venv/lib/python3.11/site-packages/coverage/inorout.py:503: CoverageWarning: Module otel_init was never imported. (module-not-imported)
  self.warn(f"Module {pkg} was never imported.", slug="module-not-imported")


---------- coverage: platform darwin, python 3.11.6-final-0 ----------
Name                                        Stmts   Miss  Cover   Missing
-------------------------------------------------------------------------
contracts/__init__.py                           0      0   100%
contracts/order.py                             58      5    91%   5-12
contracts/signal.py                           141    141     0%   1-271
contracts/trading_config.py                    66     66     0%   9-240
shared/__init__.py                              0      0   100%
shared/audit.py                                73     73     0%   1-113
shared/config.py                               73     73     0%   5-140
shared/constants.py                           251     56    78%   15-22, 110-133, 141-147, 182-183, 193-196, 546-556, 560-562, 566-570, 580, 620-639, 649
shared/distributed_lock.py                    190    190     0%   8-388
shared/logger.py                               84     84     0%   1-194
shared/mysql_client.py                        122    122     0%   8-376
tradeengine/__init__.py                         0      0   100%
tradeengine/api.py                            547    547     0%   1-1306
tradeengine/api_config_routes.py              363    363     0%   8-1337
tradeengine/api_filter_routes.py              128    128     0%   7-350
tradeengine/config_manager.py                 273    273     0%   12-716
tradeengine/consumer.py                       185    185     0%   1-426
tradeengine/consumer_patched.py               189    189     0%   1-443
tradeengine/db/__init__.py                      3      3     0%   3-6
tradeengine/db/mongodb_client.py              240    240     0%   8-682
tradeengine/db/mysql_config_repository.py      32     32     0%   8-80
tradeengine/defaults.py                        41     41     0%   16-930
tradeengine/dispatcher.py                    1012   1012     0%   1-2758
tradeengine/exchange/__init__.py                0      0   100%
tradeengine/exchange/binance.py               484    354    27%   46-114, 118-130, 134-156, 161, 175, 177, 180-187, 192-197, 202, 210-213, 234, 246, 250, 261, 265, 269, 273-274, 279, 284-286, 294-329, 333-371, 376, 378, 394, 400, 404, 411-455, 459-491, 497-541, 556, 568-599, 604, 662-684, 708-762, 782-822, 828-876, 888-909, 914, 931, 936, 949-951, 984, 997-998, 1003-1024, 1028-1038, 1042, 1050-1088, 1092-1131, 1135-1146, 1154-1174, 1183
tradeengine/exchange/simulator.py              61     61     0%   1-189
tradeengine/leverage_manager.py                82     82     0%   11-275
tradeengine/metrics.py                         30     30     0%   11-209
tradeengine/order_manager.py                  146    146     0%   5-284
tradeengine/position_manager.py               509    509     0%   6-1229
tradeengine/signal_aggregator.py              213    213     0%   10-674
tradeengine/strategy_position_manager.py      175    175     0%   19-526
-------------------------------------------------------------------------
TOTAL                                        5771   5393     7%
Coverage HTML written to dir htmlcov
Coverage XML written to file coverage.xml

FAIL Required test coverage of 40% not reached. Total coverage: 6.55%

============================= slowest 10 durations =============================
0.00s setup    tests/test_binance_exchange_comprehensive.py::TestOrderExecution::test_execute_stop_order
0.00s call     tests/test_binance_exchange_comprehensive.py::TestOrderExecution::test_execute_stop_order
0.00s teardown tests/test_binance_exchange_comprehensive.py::TestOrderExecution::test_execute_stop_order
======================== 1 passed, 2 warnings in 0.94s =========================
